// Jest Snapshot v1, https://goo.gl/fbAQLP

exports[`Reactions Should match snapshot with default emojis 1`] = `
<View
  style={
    Object {
      "alignItems": "center",
      "flex": 1,
      "flexDirection": "row",
      "height": 72,
      "justifyContent": "space-between",
      "paddingLeft": 12,
      "paddingRight": 12,
    }
  }
>
  <ReactionButton
    addReaction={[Function]}
    containerSize={48}
    emoji="thumbsup"
    iconSize={32}
    theme={
      Object {
        "awayIndicator": "#ffbc42",
        "buttonBg": "#166de0",
        "buttonColor": "#ffffff",
        "centerChannelBg": "#ffffff",
        "centerChannelColor": "#3d3c40",
        "codeTheme": "github",
        "dndIndicator": "#f74343",
        "errorTextColor": "#fd5960",
        "linkColor": "#2389d7",
        "mentionBg": "#ffffff",
        "mentionBj": "#ffffff",
        "mentionColor": "#145dbf",
        "mentionHighlightBg": "#ffe577",
        "mentionHighlightLink": "#166de0",
        "newMessageSeparator": "#ff8800",
        "onlineIndicator": "#06d6a0",
        "sidebarBg": "#145dbf",
        "sidebarHeaderBg": "#1153ab",
        "sidebarHeaderTextColor": "#ffffff",
        "sidebarText": "#ffffff",
        "sidebarTextActiveBorder": "#579eff",
        "sidebarTextActiveColor": "#ffffff",
        "sidebarTextHoverBg": "#4578bf",
        "sidebarUnreadText": "#ffffff",
        "type": "Mattermost",
      }
    }
  />
  <ReactionButton
    addReaction={[Function]}
    containerSize={48}
    emoji="smiley"
    iconSize={32}
    theme={
      Object {
        "awayIndicator": "#ffbc42",
        "buttonBg": "#166de0",
        "buttonColor": "#ffffff",
        "centerChannelBg": "#ffffff",
        "centerChannelColor": "#3d3c40",
        "codeTheme": "github",
        "dndIndicator": "#f74343",
        "errorTextColor": "#fd5960",
        "linkColor": "#2389d7",
        "mentionBg": "#ffffff",
        "mentionBj": "#ffffff",
        "mentionColor": "#145dbf",
        "mentionHighlightBg": "#ffe577",
        "mentionHighlightLink": "#166de0",
        "newMessageSeparator": "#ff8800",
        "onlineIndicator": "#06d6a0",
        "sidebarBg": "#145dbf",
        "sidebarHeaderBg": "#1153ab",
        "sidebarHeaderTextColor": "#ffffff",
        "sidebarText": "#ffffff",
        "sidebarTextActiveBorder": "#579eff",
        "sidebarTextActiveColor": "#ffffff",
        "sidebarTextHoverBg": "#4578bf",
        "sidebarUnreadText": "#ffffff",
        "type": "Mattermost",
      }
    }
  />
  <ReactionButton
    addReaction={[Function]}
    containerSize={48}
    emoji="white_check_mark"
    iconSize={32}
    theme={
      Object {
        "awayIndicator": "#ffbc42",
        "buttonBg": "#166de0",
        "buttonColor": "#ffffff",
        "centerChannelBg": "#ffffff",
        "centerChannelColor": "#3d3c40",
        "codeTheme": "github",
        "dndIndicator": "#f74343",
        "errorTextColor": "#fd5960",
        "linkColor": "#2389d7",
        "mentionBg": "#ffffff",
        "mentionBj": "#ffffff",
        "mentionColor": "#145dbf",
        "mentionHighlightBg": "#ffe577",
        "mentionHighlightLink": "#166de0",
        "newMessageSeparator": "#ff8800",
        "onlineIndicator": "#06d6a0",
        "sidebarBg": "#145dbf",
        "sidebarHeaderBg": "#1153ab",
        "sidebarHeaderTextColor": "#ffffff",
        "sidebarText": "#ffffff",
        "sidebarTextActiveBorder": "#579eff",
        "sidebarTextActiveColor": "#ffffff",
        "sidebarTextHoverBg": "#4578bf",
        "sidebarUnreadText": "#ffffff",
        "type": "Mattermost",
      }
    }
  />
  <ReactionButton
    addReaction={[Function]}
    containerSize={48}
    emoji="heart"
    iconSize={32}
    theme={
      Object {
        "awayIndicator": "#ffbc42",
        "buttonBg": "#166de0",
        "buttonColor": "#ffffff",
        "centerChannelBg": "#ffffff",
        "centerChannelColor": "#3d3c40",
        "codeTheme": "github",
        "dndIndicator": "#f74343",
        "errorTextColor": "#fd5960",
        "linkColor": "#2389d7",
        "mentionBg": "#ffffff",
        "mentionBj": "#ffffff",
        "mentionColor": "#145dbf",
        "mentionHighlightBg": "#ffe577",
        "mentionHighlightLink": "#166de0",
        "newMessageSeparator": "#ff8800",
        "onlineIndicator": "#06d6a0",
        "sidebarBg": "#145dbf",
        "sidebarHeaderBg": "#1153ab",
        "sidebarHeaderTextColor": "#ffffff",
        "sidebarText": "#ffffff",
        "sidebarTextActiveBorder": "#579eff",
        "sidebarTextActiveColor": "#ffffff",
        "sidebarTextHoverBg": "#4578bf",
        "sidebarUnreadText": "#ffffff",
        "type": "Mattermost",
      }
    }
  />
  <ReactionButton
    addReaction={[Function]}
    containerSize={48}
    emoji="eyes"
    iconSize={32}
    theme={
      Object {
        "awayIndicator": "#ffbc42",
        "buttonBg": "#166de0",
        "buttonColor": "#ffffff",
        "centerChannelBg": "#ffffff",
        "centerChannelColor": "#3d3c40",
        "codeTheme": "github",
        "dndIndicator": "#f74343",
        "errorTextColor": "#fd5960",
        "linkColor": "#2389d7",
        "mentionBg": "#ffffff",
        "mentionBj": "#ffffff",
        "mentionColor": "#145dbf",
        "mentionHighlightBg": "#ffe577",
        "mentionHighlightLink": "#166de0",
        "newMessageSeparator": "#ff8800",
        "onlineIndicator": "#06d6a0",
        "sidebarBg": "#145dbf",
        "sidebarHeaderBg": "#1153ab",
        "sidebarHeaderTextColor": "#ffffff",
        "sidebarText": "#ffffff",
        "sidebarTextActiveBorder": "#579eff",
        "sidebarTextActiveColor": "#ffffff",
        "sidebarTextHoverBg": "#4578bf",
        "sidebarUnreadText": "#ffffff",
        "type": "Mattermost",
      }
    }
  />
  <ReactionButton
    addReaction={[Function]}
    containerSize={48}
    emoji="raised_hands"
    iconSize={32}
    theme={
      Object {
        "awayIndicator": "#ffbc42",
        "buttonBg": "#166de0",
        "buttonColor": "#ffffff",
        "centerChannelBg": "#ffffff",
        "centerChannelColor": "#3d3c40",
        "codeTheme": "github",
        "dndIndicator": "#f74343",
        "errorTextColor": "#fd5960",
        "linkColor": "#2389d7",
        "mentionBg": "#ffffff",
        "mentionBj": "#ffffff",
        "mentionColor": "#145dbf",
        "mentionHighlightBg": "#ffe577",
        "mentionHighlightLink": "#166de0",
        "newMessageSeparator": "#ff8800",
        "onlineIndicator": "#06d6a0",
        "sidebarBg": "#145dbf",
        "sidebarHeaderBg": "#1153ab",
        "sidebarHeaderTextColor": "#ffffff",
        "sidebarText": "#ffffff",
        "sidebarTextActiveBorder": "#579eff",
        "sidebarTextActiveColor": "#ffffff",
        "sidebarTextHoverBg": "#4578bf",
        "sidebarUnreadText": "#ffffff",
        "type": "Mattermost",
      }
    }
  />
  <TouchableWithoutFeedback
    onPress={[MockFunction]}
  >
    <View
      style={
        Array [
          Object {
            "alignItems": "center",
            "backgroundColor": "rgba(61,60,64,0.04)",
            "borderRadius": 4,
            "justifyContent": "center",
          },
          Object {
            "height": 48,
            "width": 48,
          },
        ]
      }
    >
      <Image
        height={32}
        source={
          Object {
            "testUri": "../../../dist/assets/images/icons/reaction.png",
          }
        }
        style={
          Array [
            Object {
              "tintColor": "#3d3c40",
            },
          ]
        }
        width={32}
      />
    </View>
  </TouchableWithoutFeedback>
</View>
`;

exports[`Reactions Should match snapshot with default emojis 2`] = `
<View
  style={
    Object {
      "alignItems": "center",
      "flex": 1,
      "flexDirection": "row",
      "height": 72,
      "justifyContent": "space-between",
      "paddingLeft": 12,
      "paddingRight": 12,
    }
  }
>
  <ReactionButton
    addReaction={[Function]}
    containerSize={48}
    emoji="rocket"
    iconSize={32}
    theme={
      Object {
        "awayIndicator": "#ffbc42",
        "buttonBg": "#166de0",
        "buttonColor": "#ffffff",
        "centerChannelBg": "#ffffff",
        "centerChannelColor": "#3d3c40",
        "codeTheme": "github",
        "dndIndicator": "#f74343",
        "errorTextColor": "#fd5960",
        "linkColor": "#2389d7",
        "mentionBg": "#ffffff",
        "mentionBj": "#ffffff",
        "mentionColor": "#145dbf",
        "mentionHighlightBg": "#ffe577",
        "mentionHighlightLink": "#166de0",
        "newMessageSeparator": "#ff8800",
        "onlineIndicator": "#06d6a0",
        "sidebarBg": "#145dbf",
        "sidebarHeaderBg": "#1153ab",
        "sidebarHeaderTextColor": "#ffffff",
        "sidebarText": "#ffffff",
        "sidebarTextActiveBorder": "#579eff",
        "sidebarTextActiveColor": "#ffffff",
        "sidebarTextHoverBg": "#4578bf",
        "sidebarUnreadText": "#ffffff",
        "type": "Mattermost",
      }
    }
  />
  <ReactionButton
    addReaction={[Function]}
    containerSize={48}
    emoji="100"
    iconSize={32}
    theme={
      Object {
        "awayIndicator": "#ffbc42",
        "buttonBg": "#166de0",
        "buttonColor": "#ffffff",
        "centerChannelBg": "#ffffff",
        "centerChannelColor": "#3d3c40",
        "codeTheme": "github",
        "dndIndicator": "#f74343",
        "errorTextColor": "#fd5960",
        "linkColor": "#2389d7",
        "mentionBg": "#ffffff",
        "mentionBj": "#ffffff",
        "mentionColor": "#145dbf",
        "mentionHighlightBg": "#ffe577",
        "mentionHighlightLink": "#166de0",
        "newMessageSeparator": "#ff8800",
        "onlineIndicator": "#06d6a0",
        "sidebarBg": "#145dbf",
        "sidebarHeaderBg": "#1153ab",
        "sidebarHeaderTextColor": "#ffffff",
        "sidebarText": "#ffffff",
        "sidebarTextActiveBorder": "#579eff",
        "sidebarTextActiveColor": "#ffffff",
        "sidebarTextHoverBg": "#4578bf",
        "sidebarUnreadText": "#ffffff",
        "type": "Mattermost",
      }
    }
  />
  <ReactionButton
    addReaction={[Function]}
    containerSize={48}
    emoji="thumbsup"
    iconSize={32}
    theme={
      Object {
        "awayIndicator": "#ffbc42",
        "buttonBg": "#166de0",
        "buttonColor": "#ffffff",
        "centerChannelBg": "#ffffff",
        "centerChannelColor": "#3d3c40",
        "codeTheme": "github",
        "dndIndicator": "#f74343",
        "errorTextColor": "#fd5960",
        "linkColor": "#2389d7",
        "mentionBg": "#ffffff",
        "mentionBj": "#ffffff",
        "mentionColor": "#145dbf",
        "mentionHighlightBg": "#ffe577",
        "mentionHighlightLink": "#166de0",
        "newMessageSeparator": "#ff8800",
        "onlineIndicator": "#06d6a0",
        "sidebarBg": "#145dbf",
        "sidebarHeaderBg": "#1153ab",
        "sidebarHeaderTextColor": "#ffffff",
        "sidebarText": "#ffffff",
        "sidebarTextActiveBorder": "#579eff",
        "sidebarTextActiveColor": "#ffffff",
        "sidebarTextHoverBg": "#4578bf",
        "sidebarUnreadText": "#ffffff",
        "type": "Mattermost",
      }
    }
  />
  <ReactionButton
    addReaction={[Function]}
    containerSize={48}
    emoji="smiley"
    iconSize={32}
    theme={
      Object {
        "awayIndicator": "#ffbc42",
        "buttonBg": "#166de0",
        "buttonColor": "#ffffff",
        "centerChannelBg": "#ffffff",
        "centerChannelColor": "#3d3c40",
        "codeTheme": "github",
        "dndIndicator": "#f74343",
        "errorTextColor": "#fd5960",
        "linkColor": "#2389d7",
        "mentionBg": "#ffffff",
        "mentionBj": "#ffffff",
        "mentionColor": "#145dbf",
        "mentionHighlightBg": "#ffe577",
        "mentionHighlightLink": "#166de0",
        "newMessageSeparator": "#ff8800",
        "onlineIndicator": "#06d6a0",
        "sidebarBg": "#145dbf",
        "sidebarHeaderBg": "#1153ab",
        "sidebarHeaderTextColor": "#ffffff",
        "sidebarText": "#ffffff",
        "sidebarTextActiveBorder": "#579eff",
        "sidebarTextActiveColor": "#ffffff",
        "sidebarTextHoverBg": "#4578bf",
        "sidebarUnreadText": "#ffffff",
        "type": "Mattermost",
      }
    }
  />
  <ReactionButton
    addReaction={[Function]}
    containerSize={48}
    emoji="white_check_mark"
    iconSize={32}
    theme={
      Object {
        "awayIndicator": "#ffbc42",
        "buttonBg": "#166de0",
        "buttonColor": "#ffffff",
        "centerChannelBg": "#ffffff",
        "centerChannelColor": "#3d3c40",
        "codeTheme": "github",
        "dndIndicator": "#f74343",
        "errorTextColor": "#fd5960",
        "linkColor": "#2389d7",
        "mentionBg": "#ffffff",
        "mentionBj": "#ffffff",
        "mentionColor": "#145dbf",
        "mentionHighlightBg": "#ffe577",
        "mentionHighlightLink": "#166de0",
        "newMessageSeparator": "#ff8800",
        "onlineIndicator": "#06d6a0",
        "sidebarBg": "#145dbf",
        "sidebarHeaderBg": "#1153ab",
        "sidebarHeaderTextColor": "#ffffff",
        "sidebarText": "#ffffff",
        "sidebarTextActiveBorder": "#579eff",
        "sidebarTextActiveColor": "#ffffff",
        "sidebarTextHoverBg": "#4578bf",
        "sidebarUnreadText": "#ffffff",
        "type": "Mattermost",
      }
    }
  />
  <ReactionButton
    addReaction={[Function]}
    containerSize={48}
    emoji="heart"
    iconSize={32}
    theme={
      Object {
        "awayIndicator": "#ffbc42",
        "buttonBg": "#166de0",
        "buttonColor": "#ffffff",
        "centerChannelBg": "#ffffff",
        "centerChannelColor": "#3d3c40",
        "codeTheme": "github",
        "dndIndicator": "#f74343",
        "errorTextColor": "#fd5960",
        "linkColor": "#2389d7",
        "mentionBg": "#ffffff",
        "mentionBj": "#ffffff",
        "mentionColor": "#145dbf",
        "mentionHighlightBg": "#ffe577",
        "mentionHighlightLink": "#166de0",
        "newMessageSeparator": "#ff8800",
        "onlineIndicator": "#06d6a0",
        "sidebarBg": "#145dbf",
        "sidebarHeaderBg": "#1153ab",
        "sidebarHeaderTextColor": "#ffffff",
        "sidebarText": "#ffffff",
        "sidebarTextActiveBorder": "#579eff",
        "sidebarTextActiveColor": "#ffffff",
        "sidebarTextHoverBg": "#4578bf",
        "sidebarUnreadText": "#ffffff",
        "type": "Mattermost",
      }
    }
  />
  <TouchableWithoutFeedback
    onPress={[MockFunction]}
  >
    <View
      style={
        Array [
          Object {
            "alignItems": "center",
            "backgroundColor": "rgba(61,60,64,0.04)",
            "borderRadius": 4,
            "justifyContent": "center",
          },
          Object {
            "height": 48,
            "width": 48,
          },
        ]
      }
    >
      <Image
        height={32}
        source={
          Object {
            "testUri": "../../../dist/assets/images/icons/reaction.png",
          }
        }
        style={
          Array [
            Object {
              "tintColor": "#3d3c40",
            },
          ]
        }
        width={32}
      />
    </View>
  </TouchableWithoutFeedback>
</View>
`;
